SELECT * FROM information_schema.COLUMN_DOMAIN_USAGE WHERE TABLE_NAME NOT LIKE 'sys%' ORDER BY COLUMN_NAME;
go
~~START~~
nvarchar#!#nvarchar#!#varchar#!#nvarchar#!#nvarchar#!#varchar#!#varchar
master#!#dbo#!#typ1#!#master#!#dbo#!#tb1#!#d
~~END~~


USE db_column_domain_usage;
go

SELECT * FROM information_schema.COLUMN_DOMAIN_USAGE WHERE TABLE_NAME NOT LIKE 'sys%' ORDER BY COLUMN_NAME;
go
~~START~~
nvarchar#!#nvarchar#!#varchar#!#nvarchar#!#nvarchar#!#varchar#!#varchar
db_column_domain_usage#!#dbo#!#ntyp#!#db_column_domain_usage#!#dbo#!#col_test#!#r
~~END~~


use master;
go

drop table tb1;
go

drop type typ1;
go

use db_column_domain_usage;
go

drop table col_test;
go

drop type NTYP;
go

use master;
go

drop database db_column_domain_usage;
go
